// Jest Snapshot v1, https://goo.gl/fbAQLP

exports[`galleriesReducer FETCH_GALLERY 1`] = `
Object {
  "data": Array [],
  "error": null,
  "loading": true,
}
`;

exports[`galleriesReducer FETCH_GALLERY_ERROR 1`] = `
Object {
  "data": Array [],
  "error": null,
  "loading": true,
}
`;
